// Jest Snapshot v1, https://goo.gl/fbAQLP

exports[`Verify Component: rendered 1`] = `
<div>
  <span>
    Thisisweb
  </span>
  <img
    source="fileMock"
    src="fileMock"
    style={
      Object {
        "height": 100,
        "width": 100,
      }
    }
  />
</div>
`;
