// Jest Snapshot v1, https://goo.gl/fbAQLP

exports[`DbStore Patch Test: simple creation 1`] = `
Object {
  "id": 0,
  "my": "ele",
}
`;
